Archive member included to satisfy reference by file (symbol)

c:/st/stm32cubeide_1.4.0/stm32cubeide/plugins/com.st.stm32cube.ide.mcu.externaltools.gnu-tools-for-stm32.7-2018-q2-update.win32_1.4.0.202007081208/tools/bin/../lib/gcc/arm-none-eabi/7.3.1/../../../../arm-none-eabi/lib/thumb/v7-m\libc_nano.a(lib_a-errno.o)
                              Src/syscalls.o (__errno)
c:/st/stm32cubeide_1.4.0/stm32cubeide/plugins/com.st.stm32cube.ide.mcu.externaltools.gnu-tools-for-stm32.7-2018-q2-update.win32_1.4.0.202007081208/tools/bin/../lib/gcc/arm-none-eabi/7.3.1/../../../../arm-none-eabi/lib/thumb/v7-m\libc_nano.a(lib_a-exit.o)
                              c:/st/stm32cubeide_1.4.0/stm32cubeide/plugins/com.st.stm32cube.ide.mcu.externaltools.gnu-tools-for-stm32.7-2018-q2-update.win32_1.4.0.202007081208/tools/bin/../lib/gcc/arm-none-eabi/7.3.1/../../../../arm-none-eabi/lib/thumb/v7-m/crt0.o (exit)
c:/st/stm32cubeide_1.4.0/stm32cubeide/plugins/com.st.stm32cube.ide.mcu.externaltools.gnu-tools-for-stm32.7-2018-q2-update.win32_1.4.0.202007081208/tools/bin/../lib/gcc/arm-none-eabi/7.3.1/../../../../arm-none-eabi/lib/thumb/v7-m\libc_nano.a(lib_a-impure.o)
                              c:/st/stm32cubeide_1.4.0/stm32cubeide/plugins/com.st.stm32cube.ide.mcu.externaltools.gnu-tools-for-stm32.7-2018-q2-update.win32_1.4.0.202007081208/tools/bin/../lib/gcc/arm-none-eabi/7.3.1/../../../../arm-none-eabi/lib/thumb/v7-m\libc_nano.a(lib_a-exit.o) (_global_impure_ptr)
c:/st/stm32cubeide_1.4.0/stm32cubeide/plugins/com.st.stm32cube.ide.mcu.externaltools.gnu-tools-for-stm32.7-2018-q2-update.win32_1.4.0.202007081208/tools/bin/../lib/gcc/arm-none-eabi/7.3.1/../../../../arm-none-eabi/lib/thumb/v7-m\libc_nano.a(lib_a-init.o)
                              c:/st/stm32cubeide_1.4.0/stm32cubeide/plugins/com.st.stm32cube.ide.mcu.externaltools.gnu-tools-for-stm32.7-2018-q2-update.win32_1.4.0.202007081208/tools/bin/../lib/gcc/arm-none-eabi/7.3.1/../../../../arm-none-eabi/lib/thumb/v7-m/crt0.o (__libc_init_array)
c:/st/stm32cubeide_1.4.0/stm32cubeide/plugins/com.st.stm32cube.ide.mcu.externaltools.gnu-tools-for-stm32.7-2018-q2-update.win32_1.4.0.202007081208/tools/bin/../lib/gcc/arm-none-eabi/7.3.1/../../../../arm-none-eabi/lib/thumb/v7-m\libc_nano.a(lib_a-memset.o)
                              c:/st/stm32cubeide_1.4.0/stm32cubeide/plugins/com.st.stm32cube.ide.mcu.externaltools.gnu-tools-for-stm32.7-2018-q2-update.win32_1.4.0.202007081208/tools/bin/../lib/gcc/arm-none-eabi/7.3.1/../../../../arm-none-eabi/lib/thumb/v7-m/crt0.o (memset)
c:/st/stm32cubeide_1.4.0/stm32cubeide/plugins/com.st.stm32cube.ide.mcu.externaltools.gnu-tools-for-stm32.7-2018-q2-update.win32_1.4.0.202007081208/tools/bin/../lib/gcc/arm-none-eabi/7.3.1/../../../../arm-none-eabi/lib/thumb/v7-m\libc_nano.a(lib_a-sprintf.o)
                              HAL/LCD.o (sprintf)
c:/st/stm32cubeide_1.4.0/stm32cubeide/plugins/com.st.stm32cube.ide.mcu.externaltools.gnu-tools-for-stm32.7-2018-q2-update.win32_1.4.0.202007081208/tools/bin/../lib/gcc/arm-none-eabi/7.3.1/../../../../arm-none-eabi/lib/thumb/v7-m\libc_nano.a(lib_a-strcmp.o)
                              Src/main.o (strcmp)
c:/st/stm32cubeide_1.4.0/stm32cubeide/plugins/com.st.stm32cube.ide.mcu.externaltools.gnu-tools-for-stm32.7-2018-q2-update.win32_1.4.0.202007081208/tools/bin/../lib/gcc/arm-none-eabi/7.3.1/../../../../arm-none-eabi/lib/thumb/v7-m\libc_nano.a(lib_a-nano-svfprintf.o)
                              c:/st/stm32cubeide_1.4.0/stm32cubeide/plugins/com.st.stm32cube.ide.mcu.externaltools.gnu-tools-for-stm32.7-2018-q2-update.win32_1.4.0.202007081208/tools/bin/../lib/gcc/arm-none-eabi/7.3.1/../../../../arm-none-eabi/lib/thumb/v7-m\libc_nano.a(lib_a-sprintf.o) (_svfprintf_r)
c:/st/stm32cubeide_1.4.0/stm32cubeide/plugins/com.st.stm32cube.ide.mcu.externaltools.gnu-tools-for-stm32.7-2018-q2-update.win32_1.4.0.202007081208/tools/bin/../lib/gcc/arm-none-eabi/7.3.1/../../../../arm-none-eabi/lib/thumb/v7-m\libc_nano.a(lib_a-nano-vfprintf_i.o)
                              c:/st/stm32cubeide_1.4.0/stm32cubeide/plugins/com.st.stm32cube.ide.mcu.externaltools.gnu-tools-for-stm32.7-2018-q2-update.win32_1.4.0.202007081208/tools/bin/../lib/gcc/arm-none-eabi/7.3.1/../../../../arm-none-eabi/lib/thumb/v7-m\libc_nano.a(lib_a-nano-svfprintf.o) (_printf_i)
c:/st/stm32cubeide_1.4.0/stm32cubeide/plugins/com.st.stm32cube.ide.mcu.externaltools.gnu-tools-for-stm32.7-2018-q2-update.win32_1.4.0.202007081208/tools/bin/../lib/gcc/arm-none-eabi/7.3.1/../../../../arm-none-eabi/lib/thumb/v7-m\libc_nano.a(lib_a-memchr-stub.o)
                              c:/st/stm32cubeide_1.4.0/stm32cubeide/plugins/com.st.stm32cube.ide.mcu.externaltools.gnu-tools-for-stm32.7-2018-q2-update.win32_1.4.0.202007081208/tools/bin/../lib/gcc/arm-none-eabi/7.3.1/../../../../arm-none-eabi/lib/thumb/v7-m\libc_nano.a(lib_a-nano-svfprintf.o) (memchr)
[...]
Memory Configuration

Name             Origin             Length             Attributes
RAM              0x0000000020000000 0x0000000000002800 xrw
ROM              0x0000000008000000 0x0000000000008000 xr
*default*        0x0000000000000000 0xffffffffffffffff

Linker script and memory map

LOAD c:/st/stm32cubeide_1.4.0/stm32cubeide/plugins/com.st.stm32cube.ide.mcu.externaltools.gnu-tools-for-stm32.7-2018-q2-update.win32_1.4.0.202007081208/tools/bin/../lib/gcc/arm-none-eabi/7.3.1/thumb/v7-m/crti.o
LOAD c:/st/stm32cubeide_1.4.0/stm32cubeide/plugins/com.st.stm32cube.ide.mcu.externaltools.gnu-tools-for-stm32.7-2018-q2-update.win32_1.4.0.202007081208/tools/bin/../lib/gcc/arm-none-eabi/7.3.1/thumb/v7-m/crtbegin.o
LOAD c:/st/stm32cubeide_1.4.0/stm32cubeide/plugins/com.st.stm32cube.ide.mcu.externaltools.gnu-tools-for-stm32.7-2018-q2-update.win32_1.4.0.202007081208/tools/bin/../lib/gcc/arm-none-eabi/7.3.1/../../../../arm-none-eabi/lib/thumb/v7-m/crt0.o
LOAD HAL/LCD.o
LOAD STM32_F103C6_Drivers/GPIO.o
LOAD STM32_F103C6_Drivers/NVIC.o
LOAD STM32_F103C6_Drivers/RCC.o
LOAD STM32_F103C6_Drivers/SPI.o
LOAD STM32_F103C6_Drivers/USART.o
LOAD Src/main.o
LOAD Src/syscalls.o
LOAD Src/sysmem.o
LOAD Startup/startup_stm32f103c6tx.o
START GROUP
LOAD c:/st/stm32cubeide_1.4.0/stm32cubeide/plugins/com.st.stm32cube.ide.mcu.externaltools.gnu-tools-for-stm32.7-2018-q2-update.win32_1.4.0.202007081208/tools/bin/../lib/gcc/arm-none-eabi/7.3.1/../../../../arm-none-eabi/lib/thumb/v7-m\libc_nano.a
LOAD c:/st/stm32cubeide_1.4.0/stm32cubeide/plugins/com.st.stm32cube.ide.mcu.externaltools.gnu-tools-for-stm32.7-2018-q2-update.win32_1.4.0.202007081208/tools/bin/../lib/gcc/arm-none-eabi/7.3.1/../../../../arm-none-eabi/lib/thumb/v7-m\libm.a
END GROUP
START GROUP
LOAD c:/st/stm32cubeide_1.4.0/stm32cubeide/plugins/com.st.stm32cube.ide.mcu.externaltools.gnu-tools-for-stm32.7-2018-q2-update.win32_1.4.0.202007081208/tools/bin/../lib/gcc/arm-none-eabi/7.3.1/thumb/v7-m\libgcc.a
LOAD c:/st/stm32cubeide_1.4.0/stm32cubeide/plugins/com.st.stm32cube.ide.mcu.externaltools.gnu-tools-for-stm32.7-2018-q2-update.win32_1.4.0.202007081208/tools/bin/../lib/gcc/arm-none-eabi/7.3.1/../../../../arm-none-eabi/lib/thumb/v7-m\libc_nano.a
END GROUP
START GROUP
LOAD c:/st/stm32cubeide_1.4.0/stm32cubeide/plugins/com.st.stm32cube.ide.mcu.externaltools.gnu-tools-for-stm32.7-2018-q2-update.win32_1.4.0.202007081208/tools/bin/../lib/gcc/arm-none-eabi/7.3.1/thumb/v7-m\libgcc.a
LOAD c:/st/stm32cubeide_1.4.0/stm32cubeide/plugins/com.st.stm32cube.ide.mcu.externaltools.gnu-tools-for-stm32.7-2018-q2-update.win32_1.4.0.202007081208/tools/bin/../lib/gcc/arm-none-eabi/7.3.1/../../../../arm-none-eabi/lib/thumb/v7-m\libc_nano.a
LOAD c:/st/stm32cubeide_1.4.0/stm32cubeide/plugins/com.st.stm32cube.ide.mcu.externaltools.gnu-tools-for-stm32.7-2018-q2-update.win32_1.4.0.202007081208/tools/bin/../lib/gcc/arm-none-eabi/7.3.1/../../../../arm-none-eabi/lib/thumb/v7-m\libnosys.a
END GROUP
START GROUP
LOAD c:/st/stm32cubeide_1.4.0/stm32cubeide/plugins/com.st.stm32cube.ide.mcu.externaltools.gnu-tools-for-stm32.7-2018-q2-update.win32_1.4.0.202007081208/tools/bin/../lib/gcc/arm-none-eabi/7.3.1/thumb/v7-m\libgcc.a
LOAD c:/st/stm32cubeide_1.4.0/stm32cubeide/plugins/com.st.stm32cube.ide.mcu.externaltools.gnu-tools-for-stm32.7-2018-q2-update.win32_1.4.0.202007081208/tools/bin/../lib/gcc/arm-none-eabi/7.3.1/../../../../arm-none-eabi/lib/thumb/v7-m\libc_nano.a
LOAD c:/st/stm32cubeide_1.4.0/stm32cubeide/plugins/com.st.stm32cube.ide.mcu.externaltools.gnu-tools-for-stm32.7-2018-q2-update.win32_1.4.0.202007081208/tools/bin/../lib/gcc/arm-none-eabi/7.3.1/../../../../arm-none-eabi/lib/thumb/v7-m\libnosys.a
END GROUP
LOAD c:/st/stm32cubeide_1.4.0/stm32cubeide/plugins/com.st.stm32cube.ide.mcu.externaltools.gnu-tools-for-stm32.7-2018-q2-update.win32_1.4.0.202007081208/tools/bin/../lib/gcc/arm-none-eabi/7.3.1/thumb/v7-m/crtend.o
LOAD c:/st/stm32cubeide_1.4.0/stm32cubeide/plugins/com.st.stm32cube.ide.mcu.externaltools.gnu-tools-for-stm32.7-2018-q2-update.win32_1.4.0.202007081208/tools/bin/../lib/gcc/arm-none-eabi/7.3.1/thumb/v7-m/crtn.o
                0x0000000020002800                _estack = (ORIGIN (RAM) + LENGTH (RAM))
                0x0000000000000200                _Min_Heap_Size = 0x200
                0x0000000000000400                _Min_Stack_Size = 0x400

.isr_vector     0x0000000008000000      0x130
                0x0000000008000000                . = ALIGN (0x4)
 *(.isr_vector)
 .isr_vector    0x0000000008000000      0x130 Startup/startup_stm32f103c6tx.o
                0x0000000008000000                g_pfnVectors
                0x0000000008000130                . = ALIGN (0x4)

.text           0x0000000008000130      0xfec
                0x0000000008000130                . = ALIGN (0x4)
 *(.text)
 .text          0x0000000008000130       0x40 c:/st/stm32cubeide_1.4.0/stm32cubeide/plugins/com.st.stm32cube.ide.mcu.externaltools.gnu-tools-for-stm32.7-2018-q2-update.win32_1.4.0.202007081208/tools/bin/../lib/gcc/arm-none-eabi/7.3.1/thumb/v7-m/crtbegin.o
 .text          0x0000000008000170       0x14 c:/st/stm32cubeide_1.4.0/stm32cubeide/plugins/com.st.stm32cube.ide.mcu.externaltools.gnu-tools-for-stm32.7-2018-q2-update.win32_1.4.0.202007081208/tools/bin/../lib/gcc/arm-none-eabi/7.3.1/../../../../arm-none-eabi/lib/thumb/v7-m\libc_nano.a(lib_a-strcmp.o)
                0x0000000008000170                strcmp
 *(.text*)
 .text.delay_ms
                0x0000000008000184       0x38 HAL/LCD.o
                0x0000000008000184                delay_ms
 .text.lcd_init
                0x00000000080001bc      0x140 HAL/LCD.o
                0x00000000080001bc                lcd_init
 .text.lcd_Send_Command
                0x00000000080002fc      0x13e HAL/LCD.o
                0x00000000080002fc                lcd_Send_Command
 .text.lcd_Send_Char
                0x000000000800043a      0x13e HAL/LCD.o
                0x000000000800043a                lcd_Send_Char
 .text.lcd_send_String
                0x0000000008000578       0x8c HAL/LCD.o
                0x0000000008000578                lcd_send_String
 .text.lcd_GOTO_XY
                0x0000000008000604       0x8c HAL/LCD.o
                0x0000000008000604                lcd_GOTO_XY
 .text.lcd_Clear_Screen
                0x0000000008000690       0x18 HAL/LCD.o
                0x0000000008000690                lcd_Clear_Screen
 .text.lcd_kick
                0x00000000080006a8       0x36 HAL/LCD.o
                0x00000000080006a8                lcd_kick
 .text.Get_CRLH_Position
                0x00000000080006de       0xea STM32_F103C6_Drivers/GPIO.o
                0x00000000080006de                Get_CRLH_Position
 .text.GPIO_init
                0x00000000080007c8       0xf8 STM32_F103C6_Drivers/GPIO.o
                0x00000000080007c8                GPIO_init
 .text.GPIO_WritePin
                0x00000000080008c0       0x3c STM32_F103C6_Drivers/GPIO.o
                0x00000000080008c0                GPIO_WritePin
 .text.GPIO_WritePort
                0x00000000080008fc       0x1c STM32_F103C6_Drivers/GPIO.o
                0x00000000080008fc                GPIO_WritePort
 .text.NVIC_Enable
                0x0000000008000918       0x7c STM32_F103C6_Drivers/NVIC.o
                0x0000000008000918                NVIC_Enable
 .text.RCC_getSYSCLK_Freq
                0x0000000008000994       0x48 STM32_F103C6_Drivers/RCC.o
                0x0000000008000994                RCC_getSYSCLK_Freq
 .text.RCC_getPCKL1_Freq
                0x00000000080009dc       0x28 STM32_F103C6_Drivers/RCC.o
                0x00000000080009dc                RCC_getPCKL1_Freq
 .text.RCC_getPCKL2_Freq
                0x0000000008000a04       0x28 STM32_F103C6_Drivers/RCC.o
                0x0000000008000a04                RCC_getPCKL2_Freq
 .text.RCC_getHCKL_Freq
                0x0000000008000a2c       0x28 STM32_F103C6_Drivers/RCC.o
                0x0000000008000a2c                RCC_getHCKL_Freq
 .text.RCC_CLK_EN
                0x0000000008000a54       0x70 STM32_F103C6_Drivers/RCC.o
                0x0000000008000a54                RCC_CLK_EN
 .text.SPI1_IRQHandler
                0x0000000008000ac4       0x58 STM32_F103C6_Drivers/SPI.o
                0x0000000008000ac4                SPI1_IRQHandler
 .text.SPI2_IRQHandler
                0x0000000008000b1c       0x58 STM32_F103C6_Drivers/SPI.o
                0x0000000008000b1c                SPI2_IRQHandler
 .text.USART_init
                0x0000000008000b74      0x188 STM32_F103C6_Drivers/USART.o
                0x0000000008000b74                USART_init
 .text.USART_SetPins
                0x0000000008000cfc       0xcc STM32_F103C6_Drivers/USART.o
                0x0000000008000cfc                USART_SetPins
 .text.USART_Recieve
                0x0000000008000dc8       0x90 STM32_F103C6_Drivers/USART.o
                0x0000000008000dc8                USART_Recieve
 .text.USART1_IRQHandler
                0x0000000008000e58       0x14 STM32_F103C6_Drivers/USART.o
                0x0000000008000e58                USART1_IRQHandler
 .text.USART2_IRQHandler
                0x0000000008000e6c       0x14 STM32_F103C6_Drivers/USART.o
                0x0000000008000e6c                USART2_IRQHandler
 .text.USART3_IRQHandler
                0x0000000008000e80       0x14 STM32_F103C6_Drivers/USART.o
                0x0000000008000e80                USART3_IRQHandler
 .text.clock_init
                0x0000000008000e94       0x20 Src/main.o
                0x0000000008000e94                clock_init
 .text.main     0x0000000008000eb4      0x1a4 Src/main.o
                0x0000000008000eb4                main
 .text.Reset_Handler
                0x0000000008001058       0x50 Startup/startup_stm32f103c6tx.o
                0x0000000008001058                Reset_Handler
 .text.Default_Handler
                0x00000000080010a8        0x2 Startup/startup_stm32f103c6tx.o
                0x00000000080010a8                EXTI2_IRQHandler
                0x00000000080010a8                TIM8_TRG_COM_IRQHandler
                0x00000000080010a8                TIM8_CC_IRQHandler
                0x00000000080010a8                DebugMon_Handler
                0x00000000080010a8                TIM1_CC_IRQHandler
                0x00000000080010a8                HardFault_Handler
                0x00000000080010a8                TIM6_IRQHandler
                0x00000000080010a8                SysTick_Handler
                0x00000000080010a8                PVD_IRQHandler
                0x00000000080010a8                SDIO_IRQHandler
                0x00000000080010a8                PendSV_Handler
                0x00000000080010a8                NMI_Handler
                0x00000000080010a8                EXTI3_IRQHandler
                0x00000000080010a8                USB_HP_CAN_TX_IRQHandler
                0x00000000080010a8                EXTI0_IRQHandler
                0x00000000080010a8                I2C2_EV_IRQHandler
                0x00000000080010a8                UsageFault_Handler
                0x00000000080010a8                ADC1_2_IRQHandler
                0x00000000080010a8                CAN_SCE_IRQHandler
                0x00000000080010a8                TAMPER_IRQHandler
                0x00000000080010a8                TIM8_UP_IRQHandler
                0x00000000080010a8                DMA2_Channel2_IRQHandler
                0x00000000080010a8                DMA1_Channel4_IRQHandler
                0x00000000080010a8                RTC_IRQHandler
                0x00000000080010a8                DMA1_Channel7_IRQHandler
                0x00000000080010a8                UART5_IRQHandler
                0x00000000080010a8                ADC3_IRQHandler
                0x00000000080010a8                TIM4_IRQHandler
                0x00000000080010a8                CAN_RX1_IRQHandler
                0x00000000080010a8                DMA2_Channel1_IRQHandler
                0x00000000080010a8                I2C1_EV_IRQHandler
                0x00000000080010a8                DMA1_Channel6_IRQHandler
                0x00000000080010a8                UART4_IRQHandler
                0x00000000080010a8                TIM3_IRQHandler
                0x00000000080010a8                RCC_IRQHandler
                0x00000000080010a8                TIM1_TRG_COM_IRQHandler
                0x00000000080010a8                DMA1_Channel1_IRQHandler
                0x00000000080010a8                Default_Handler
                0x00000000080010a8                EXTI15_10_IRQHandler
                0x00000000080010a8                TIM7_IRQHandler
                0x00000000080010a8                TIM5_IRQHandler
                0x00000000080010a8                EXTI9_5_IRQHandler
                0x00000000080010a8                USB_LP_CAN_RX0_IRQHandler
                0x00000000080010a8                MemManage_Handler
                0x00000000080010a8                SVC_Handler
                0x00000000080010a8                DMA1_Channel5_IRQHandler
                0x00000000080010a8                EXTI4_IRQHandler
                0x00000000080010a8                DMA1_Channel3_IRQHandler
                0x00000000080010a8                FSMC_IRQHandler
                0x00000000080010a8                TIM1_UP_IRQHandler
                0x00000000080010a8                WWDG_IRQHandler
                0x00000000080010a8                TIM2_IRQHandler
                0x00000000080010a8                TIM1_BRK_IRQHandler
                0x00000000080010a8                EXTI1_IRQHandler
                0x00000000080010a8                RTCAlarm_IRQHandler
                0x00000000080010a8                DMA2_Channel4_5_IRQHandler
                0x00000000080010a8                I2C2_ER_IRQHandler
                0x00000000080010a8                DMA1_Channel2_IRQHandler
                0x00000000080010a8                TIM8_BRK_IRQHandler
                0x00000000080010a8                FLASH_IRQHandler
                0x00000000080010a8                BusFault_Handler
                0x00000000080010a8                SPI3_IRQHandler
                0x00000000080010a8                I2C1_ER_IRQHandler
                0x00000000080010a8                DMA2_Channel3_IRQHandler
 *fill*         0x00000000080010aa        0x2 
 .text.__libc_init_array
                0x00000000080010ac       0x48 c:/st/stm32cubeide_1.4.0/stm32cubeide/plugins/com.st.stm32cube.ide.mcu.externaltools.gnu-tools-for-stm32.7-2018-q2-update.win32_1.4.0.202007081208/tools/bin/../lib/gcc/arm-none-eabi/7.3.1/../../../../arm-none-eabi/lib/thumb/v7-m\libc_nano.a(lib_a-init.o)
                0x00000000080010ac                __libc_init_array
 .text.memset   0x00000000080010f4       0x10 c:/st/stm32cubeide_1.4.0/stm32cubeide/plugins/com.st.stm32cube.ide.mcu.externaltools.gnu-tools-for-stm32.7-2018-q2-update.win32_1.4.0.202007081208/tools/bin/../lib/gcc/arm-none-eabi/7.3.1/../../../../arm-none-eabi/lib/thumb/v7-m\libc_nano.a(lib_a-memset.o)
                0x00000000080010f4                memset
 *(.glue_7)
 .glue_7        0x0000000008001104        0x0 linker stubs
 *(.glue_7t)
 .glue_7t       0x0000000008001104        0x0 linker stubs
 *(.eh_frame)
 .eh_frame      0x0000000008001104        0x0 c:/st/stm32cubeide_1.4.0/stm32cubeide/plugins/com.st.stm32cube.ide.mcu.externaltools.gnu-tools-for-stm32.7-2018-q2-update.win32_1.4.0.202007081208/tools/bin/../lib/gcc/arm-none-eabi/7.3.1/thumb/v7-m/crtbegin.o
 *(.init)
 .init          0x0000000008001104        0x4 c:/st/stm32cubeide_1.4.0/stm32cubeide/plugins/com.st.stm32cube.ide.mcu.externaltools.gnu-tools-for-stm32.7-2018-q2-update.win32_1.4.0.202007081208/tools/bin/../lib/gcc/arm-none-eabi/7.3.1/thumb/v7-m/crti.o
                0x0000000008001104                _init
 .init          0x0000000008001108        0x8 c:/st/stm32cubeide_1.4.0/stm32cubeide/plugins/com.st.stm32cube.ide.mcu.externaltools.gnu-tools-for-stm32.7-2018-q2-update.win32_1.4.0.202007081208/tools/bin/../lib/gcc/arm-none-eabi/7.3.1/thumb/v7-m/crtn.o
 *(.fini)
 .fini          0x0000000008001110        0x4 c:/st/stm32cubeide_1.4.0/stm32cubeide/plugins/com.st.stm32cube.ide.mcu.externaltools.gnu-tools-for-stm32.7-2018-q2-update.win32_1.4.0.202007081208/tools/bin/../lib/gcc/arm-none-eabi/7.3.1/thumb/v7-m/crti.o
                0x0000000008001110                _fini
 .fini          0x0000000008001114        0x8 c:/st/stm32cubeide_1.4.0/stm32cubeide/plugins/com.st.stm32cube.ide.mcu.externaltools.gnu-tools-for-stm32.7-2018-q2-update.win32_1.4.0.202007081208/tools/bin/../lib/gcc/arm-none-eabi/7.3.1/thumb/v7-m/crtn.o
                0x000000000800111c                . = ALIGN (0x4)
                0x000000000800111c                _etext = .

.vfp11_veneer   0x000000000800111c        0x0
 .vfp11_veneer  0x000000000800111c        0x0 linker stubs

.v4_bx          0x000000000800111c        0x0
 .v4_bx         0x000000000800111c        0x0 linker stubs

.iplt           0x000000000800111c        0x0
 .iplt          0x000000000800111c        0x0 c:/st/stm32cubeide_1.4.0/stm32cubeide/plugins/com.st.stm32cube.ide.mcu.externaltools.gnu-tools-for-stm32.7-2018-q2-update.win32_1.4.0.202007081208/tools/bin/../lib/gcc/arm-none-eabi/7.3.1/thumb/v7-m/crtbegin.o

.rodata         0x000000000800111c       0x1c
                0x000000000800111c                . = ALIGN (0x4)
 *(.rodata)
 .rodata        0x000000000800111c       0x19 Src/main.o
 *(.rodata*)
                0x0000000008001138                . = ALIGN (0x4)
 *fill*         0x0000000008001135        0x3 

.rel.dyn        0x0000000008001138        0x0
 .rel.iplt      0x0000000008001138        0x0 c:/st/stm32cubeide_1.4.0/stm32cubeide/plugins/com.st.stm32cube.ide.mcu.externaltools.gnu-tools-for-stm32.7-2018-q2-update.win32_1.4.0.202007081208/tools/bin/../lib/gcc/arm-none-eabi/7.3.1/thumb/v7-m/crtbegin.o

.ARM.extab      0x0000000008001138        0x0
                0x0000000008001138                . = ALIGN (0x4)
 *(.ARM.extab* .gnu.linkonce.armextab.*)
                0x0000000008001138                . = ALIGN (0x4)

.ARM            0x0000000008001138        0x0
                0x0000000008001138                . = ALIGN (0x4)
                0x0000000008001138                __exidx_start = .
 *(.ARM.exidx*)
                0x0000000008001138                __exidx_end = .
                0x0000000008001138                . = ALIGN (0x4)

.preinit_array  0x0000000008001138        0x0
                0x0000000008001138                . = ALIGN (0x4)
                0x0000000008001138                PROVIDE (__preinit_array_start = .)
 *(.preinit_array*)
                0x0000000008001138                PROVIDE (__preinit_array_end = .)
                0x0000000008001138                . = ALIGN (0x4)

.init_array     0x0000000008001138        0x4
                0x0000000008001138                . = ALIGN (0x4)
                0x0000000008001138                PROVIDE (__init_array_start = .)
 *(SORT_BY_NAME(.init_array.*))
 *(.init_array*)
 .init_array    0x0000000008001138        0x4 c:/st/stm32cubeide_1.4.0/stm32cubeide/plugins/com.st.stm32cube.ide.mcu.externaltools.gnu-tools-for-stm32.7-2018-q2-update.win32_1.4.0.202007081208/tools/bin/../lib/gcc/arm-none-eabi/7.3.1/thumb/v7-m/crtbegin.o
                0x000000000800113c                PROVIDE (__init_array_end = .)
                0x000000000800113c                . = ALIGN (0x4)

.fini_array     0x000000000800113c        0x4
                0x000000000800113c                . = ALIGN (0x4)
                [!provide]                        PROVIDE (__fini_array_start = .)
 *(SORT_BY_NAME(.fini_array.*))
 *(.fini_array*)
 .fini_array    0x000000000800113c        0x4 c:/st/stm32cubeide_1.4.0/stm32cubeide/plugins/com.st.stm32cube.ide.mcu.externaltools.gnu-tools-for-stm32.7-2018-q2-update.win32_1.4.0.202007081208/tools/bin/../lib/gcc/arm-none-eabi/7.3.1/thumb/v7-m/crtbegin.o
                [!provide]                        PROVIDE (__fini_array_end = .)
                0x0000000008001140                . = ALIGN (0x4)
                0x0000000008001140                _sidata = LOADADDR (.data)

.data           0x0000000020000000       0x24 load address 0x0000000008001140
                0x0000000020000000                . = ALIGN (0x4)
                0x0000000020000000                _sdata = .
 *(.data)
 *(.data*)
 .data.APB_PrescTable
                0x0000000020000000        0x8 STM32_F103C6_Drivers/RCC.o
                0x0000000020000000                APB_PrescTable
 .data.AHB_PrescTable
                0x0000000020000008       0x10 STM32_F103C6_Drivers/RCC.o
                0x0000000020000008                AHB_PrescTable
 .data.authorized_ID
                0x0000000020000018        0x9 Src/main.o
                0x0000000020000018                authorized_ID
                0x0000000020000024                . = ALIGN (0x4)
 *fill*         0x0000000020000021        0x3 
                0x0000000020000024                _edata = .

.igot.plt       0x0000000020000024        0x0 load address 0x0000000008001164
 .igot.plt      0x0000000020000024        0x0 c:/st/stm32cubeide_1.4.0/stm32cubeide/plugins/com.st.stm32cube.ide.mcu.externaltools.gnu-tools-for-stm32.7-2018-q2-update.win32_1.4.0.202007081208/tools/bin/../lib/gcc/arm-none-eabi/7.3.1/thumb/v7-m/crtbegin.o
                0x0000000020000024                . = ALIGN (0x4)

.bss            0x0000000020000024       0x94 load address 0x0000000008001164
                0x0000000020000024                _sbss = .
                0x0000000020000024                __bss_start__ = _sbss
 *(.bss)
 .bss           0x0000000020000024       0x1c c:/st/stm32cubeide_1.4.0/stm32cubeide/plugins/com.st.stm32cube.ide.mcu.externaltools.gnu-tools-for-stm32.7-2018-q2-update.win32_1.4.0.202007081208/tools/bin/../lib/gcc/arm-none-eabi/7.3.1/thumb/v7-m/crtbegin.o
 *(.bss*)
 .bss.Global_SPI_pinConfig
                0x0000000020000040       0x30 STM32_F103C6_Drivers/SPI.o
                0x0000000020000040                Global_SPI_pinConfig
 .bss.Global_pinConfig
                0x0000000020000070       0x3c STM32_F103C6_Drivers/USART.o
                0x0000000020000070                Global_pinConfig
 *(COMMON)
 COMMON         0x00000000200000ac        0x4 HAL/LCD.o
                0x00000000200000ac                GPIO_pinConfig
 COMMON         0x00000000200000b0        0x8 Src/main.o
                0x00000000200000b0                Buffer
                0x00000000200000b8                . = ALIGN (0x4)
                0x00000000200000b8                _ebss = .
                0x00000000200000b8                __bss_end__ = _ebss

._user_heap_stack
                0x00000000200000b8      0x600 load address 0x0000000008001164
                0x00000000200000b8                . = ALIGN (0x8)
                [!provide]                        PROVIDE (end = .)
                0x00000000200000b8                PROVIDE (_end = .)
                0x00000000200002b8                . = (. + _Min_Heap_Size)
 *fill*         0x00000000200000b8      0x200 
                0x00000000200006b8                . = (. + _Min_Stack_Size)
 *fill*         0x00000000200002b8      0x400 
                0x00000000200006b8                . = ALIGN (0x8)

/DISCARD/
 libc.a(*)
 libm.a(*)
 libgcc.a(*)

.ARM.attributes
                0x0000000000000000       0x29
 *(.ARM.attributes)
 .ARM.attributes
                0x0000000000000000       0x1d c:/st/stm32cubeide_1.4.0/stm32cubeide/plugins/com.st.stm32cube.ide.mcu.externaltools.gnu-tools-for-stm32.7-2018-q2-update.win32_1.4.0.202007081208/tools/bin/../lib/gcc/arm-none-eabi/7.3.1/thumb/v7-m/crti.o
 .ARM.attributes
                0x000000000000001d       0x2d c:/st/stm32cubeide_1.4.0/stm32cubeide/plugins/com.st.stm32cube.ide.mcu.externaltools.gnu-tools-for-stm32.7-2018-q2-update.win32_1.4.0.202007081208/tools/bin/../lib/gcc/arm-none-eabi/7.3.1/thumb/v7-m/crtbegin.o
 .ARM.attributes
                0x000000000000004a       0x33 HAL/LCD.o
 .ARM.attributes
                0x000000000000007d       0x33 STM32_F103C6_Drivers/GPIO.o
 .ARM.attributes
                0x00000000000000b0       0x33 STM32_F103C6_Drivers/NVIC.o
 .ARM.attributes
                0x00000000000000e3       0x33 STM32_F103C6_Drivers/RCC.o
 .ARM.attributes
                0x0000000000000116       0x33 STM32_F103C6_Drivers/SPI.o
 .ARM.attributes
                0x0000000000000149       0x33 STM32_F103C6_Drivers/USART.o
 .ARM.attributes
                0x000000000000017c       0x33 Src/main.o
 .ARM.attributes
                0x00000000000001af       0x21 Startup/startup_stm32f103c6tx.o
 .ARM.attributes
                0x00000000000001d0       0x2d c:/st/stm32cubeide_1.4.0/stm32cubeide/plugins/com.st.stm32cube.ide.mcu.externaltools.gnu-tools-for-stm32.7-2018-q2-update.win32_1.4.0.202007081208/tools/bin/../lib/gcc/arm-none-eabi/7.3.1/../../../../arm-none-eabi/lib/thumb/v7-m\libc_nano.a(lib_a-init.o)
 .ARM.attributes
                0x00000000000001fd       0x2d c:/st/stm32cubeide_1.4.0/stm32cubeide/plugins/com.st.stm32cube.ide.mcu.externaltools.gnu-tools-for-stm32.7-2018-q2-update.win32_1.4.0.202007081208/tools/bin/../lib/gcc/arm-none-eabi/7.3.1/../../../../arm-none-eabi/lib/thumb/v7-m\libc_nano.a(lib_a-memset.o)
 .ARM.attributes
                0x000000000000022a       0x1b c:/st/stm32cubeide_1.4.0/stm32cubeide/plugins/com.st.stm32cube.ide.mcu.externaltools.gnu-tools-for-stm32.7-2018-q2-update.win32_1.4.0.202007081208/tools/bin/../lib/gcc/arm-none-eabi/7.3.1/../../../../arm-none-eabi/lib/thumb/v7-m\libc_nano.a(lib_a-strcmp.o)
 .ARM.attributes
                0x0000000000000245       0x1d c:/st/stm32cubeide_1.4.0/stm32cubeide/plugins/com.st.stm32cube.ide.mcu.externaltools.gnu-tools-for-stm32.7-2018-q2-update.win32_1.4.0.202007081208/tools/bin/../lib/gcc/arm-none-eabi/7.3.1/thumb/v7-m/crtn.o
OUTPUT(Lab2.elf elf32-littlearm)

.debug_info     0x0000000000000000     0x5215
 .debug_info    0x0000000000000000      0xd5e HAL/LCD.o
 .debug_info    0x0000000000000d5e      0xc29 STM32_F103C6_Drivers/GPIO.o
 .debug_info    0x0000000000001987      0x966 STM32_F103C6_Drivers/NVIC.o
 .debug_info    0x00000000000022ed      0xa45 STM32_F103C6_Drivers/RCC.o
 .debug_info    0x0000000000002d32      0xcdc STM32_F103C6_Drivers/SPI.o
 .debug_info    0x0000000000003a0e      0xc24 STM32_F103C6_Drivers/USART.o
 .debug_info    0x0000000000004632      0xbc1 Src/main.o
 .debug_info    0x00000000000051f3       0x22 Startup/startup_stm32f103c6tx.o

.debug_abbrev   0x0000000000000000      0xe05
 .debug_abbrev  0x0000000000000000      0x237 HAL/LCD.o
 .debug_abbrev  0x0000000000000237      0x1e9 STM32_F103C6_Drivers/GPIO.o
 .debug_abbrev  0x0000000000000420      0x193 STM32_F103C6_Drivers/NVIC.o
 .debug_abbrev  0x00000000000005b3      0x1cf STM32_F103C6_Drivers/RCC.o
 .debug_abbrev  0x0000000000000782      0x24d STM32_F103C6_Drivers/SPI.o
 .debug_abbrev  0x00000000000009cf      0x21f STM32_F103C6_Drivers/USART.o
 .debug_abbrev  0x0000000000000bee      0x205 Src/main.o
 .debug_abbrev  0x0000000000000df3       0x12 Startup/startup_stm32f103c6tx.o

.debug_aranges  0x0000000000000000      0x250
 .debug_aranges
                0x0000000000000000       0x78 HAL/LCD.o
 .debug_aranges
                0x0000000000000078       0x60 STM32_F103C6_Drivers/GPIO.o
 .debug_aranges
                0x00000000000000d8       0x28 STM32_F103C6_Drivers/NVIC.o
 .debug_aranges
                0x0000000000000100       0x48 STM32_F103C6_Drivers/RCC.o
 .debug_aranges
                0x0000000000000148       0x58 STM32_F103C6_Drivers/SPI.o
 .debug_aranges
                0x00000000000001a0       0x60 STM32_F103C6_Drivers/USART.o
 .debug_aranges
                0x0000000000000200       0x28 Src/main.o
 .debug_aranges
                0x0000000000000228       0x28 Startup/startup_stm32f103c6tx.o

.debug_ranges   0x0000000000000000      0x1d8
 .debug_ranges  0x0000000000000000       0x68 HAL/LCD.o
 .debug_ranges  0x0000000000000068       0x50 STM32_F103C6_Drivers/GPIO.o
 .debug_ranges  0x00000000000000b8       0x18 STM32_F103C6_Drivers/NVIC.o
 .debug_ranges  0x00000000000000d0       0x38 STM32_F103C6_Drivers/RCC.o
 .debug_ranges  0x0000000000000108       0x48 STM32_F103C6_Drivers/SPI.o
 .debug_ranges  0x0000000000000150       0x50 STM32_F103C6_Drivers/USART.o
 .debug_ranges  0x00000000000001a0       0x18 Src/main.o
 .debug_ranges  0x00000000000001b8       0x20 Startup/startup_stm32f103c6tx.o

.debug_macro    0x0000000000000000     0x2d73
 .debug_macro   0x0000000000000000      0x1ed HAL/LCD.o
 .debug_macro   0x00000000000001ed      0xa60 HAL/LCD.o
 .debug_macro   0x0000000000000c4d       0x22 HAL/LCD.o
 .debug_macro   0x0000000000000c6f       0x40 HAL/LCD.o
 .debug_macro   0x0000000000000caf       0x18 HAL/LCD.o
 .debug_macro   0x0000000000000cc7       0x94 HAL/LCD.o
 .debug_macro   0x0000000000000d5b       0x3c HAL/LCD.o
 .debug_macro   0x0000000000000d97       0x34 HAL/LCD.o
 .debug_macro   0x0000000000000dcb       0x16 HAL/LCD.o
 .debug_macro   0x0000000000000de1       0x57 HAL/LCD.o
 .debug_macro   0x0000000000000e38       0x97 HAL/LCD.o
 .debug_macro   0x0000000000000ecf      0x330 HAL/LCD.o
 .debug_macro   0x00000000000011ff       0xfd HAL/LCD.o
 .debug_macro   0x00000000000012fc       0x10 HAL/LCD.o
 .debug_macro   0x000000000000130c       0x52 HAL/LCD.o
 .debug_macro   0x000000000000135e       0x1f HAL/LCD.o
 .debug_macro   0x000000000000137d       0x43 HAL/LCD.o
 .debug_macro   0x00000000000013c0       0x20 HAL/LCD.o
 .debug_macro   0x00000000000013e0      0x1a3 HAL/LCD.o
 .debug_macro   0x0000000000001583       0x10 HAL/LCD.o
 .debug_macro   0x0000000000001593       0x6a HAL/LCD.o
 .debug_macro   0x00000000000015fd       0x1c HAL/LCD.o
 .debug_macro   0x0000000000001619       0x52 HAL/LCD.o
 .debug_macro   0x000000000000166b       0x40 HAL/LCD.o
 .debug_macro   0x00000000000016ab       0x10 HAL/LCD.o
 .debug_macro   0x00000000000016bb       0x40 HAL/LCD.o
 .debug_macro   0x00000000000016fb       0xd7 HAL/LCD.o
 .debug_macro   0x00000000000017d2       0x1c HAL/LCD.o
 .debug_macro   0x00000000000017ee       0x3d HAL/LCD.o
 .debug_macro   0x000000000000182b       0x16 HAL/LCD.o
 .debug_macro   0x0000000000001841      0x145 HAL/LCD.o
 .debug_macro   0x0000000000001986       0x22 HAL/LCD.o
 .debug_macro   0x00000000000019a8       0x16 HAL/LCD.o
 .debug_macro   0x00000000000019be      0x1d9 HAL/LCD.o
 .debug_macro   0x0000000000001b97       0x76 HAL/LCD.o
 .debug_macro   0x0000000000001c0d       0xca HAL/LCD.o
 .debug_macro   0x0000000000001cd7       0x22 HAL/LCD.o
 .debug_macro   0x0000000000001cf9       0x94 HAL/LCD.o
 .debug_macro   0x0000000000001d8d      0x1d5 STM32_F103C6_Drivers/GPIO.o
 .debug_macro   0x0000000000001f62      0x1cd STM32_F103C6_Drivers/NVIC.o
 .debug_macro   0x000000000000212f      0x1cc STM32_F103C6_Drivers/RCC.o
 .debug_macro   0x00000000000022fb       0x70 STM32_F103C6_Drivers/RCC.o
 .debug_macro   0x000000000000236b      0x206 STM32_F103C6_Drivers/SPI.o
 .debug_macro   0x0000000000002571       0xca STM32_F103C6_Drivers/SPI.o
 .debug_macro   0x000000000000263b      0x200 STM32_F103C6_Drivers/USART.o
 .debug_macro   0x000000000000283b      0x100 STM32_F103C6_Drivers/USART.o
 .debug_macro   0x000000000000293b      0x292 Src/main.o
 .debug_macro   0x0000000000002bcd       0xd0 Src/main.o
 .debug_macro   0x0000000000002c9d       0x16 Src/main.o
 .debug_macro   0x0000000000002cb3       0x35 Src/main.o
 .debug_macro   0x0000000000002ce8       0x16 Src/main.o
 .debug_macro   0x0000000000002cfe       0x29 Src/main.o
 .debug_macro   0x0000000000002d27       0x16 Src/main.o
 .debug_macro   0x0000000000002d3d       0x20 Src/main.o
 .debug_macro   0x0000000000002d5d       0x16 Src/main.o

.debug_line     0x0000000000000000     0x3028
 .debug_line    0x0000000000000000      0x7f0 HAL/LCD.o
 .debug_line    0x00000000000007f0      0x6d8 STM32_F103C6_Drivers/GPIO.o
 .debug_line    0x0000000000000ec8      0x5e1 STM32_F103C6_Drivers/NVIC.o
 .debug_line    0x00000000000014a9      0x616 STM32_F103C6_Drivers/RCC.o
 .debug_line    0x0000000000001abf      0x6e2 STM32_F103C6_Drivers/SPI.o
 .debug_line    0x00000000000021a1      0x701 STM32_F103C6_Drivers/USART.o
 .debug_line    0x00000000000028a2      0x702 Src/main.o
 .debug_line    0x0000000000002fa4       0x84 Startup/startup_stm32f103c6tx.o

.debug_str      0x0000000000000000     0x9605
 .debug_str     0x0000000000000000     0x8350 HAL/LCD.o
                                       0x852d (size before relaxing)
 .debug_str     0x0000000000008350      0x171 STM32_F103C6_Drivers/GPIO.o
                                       0x8235 (size before relaxing)
 .debug_str     0x00000000000084c1       0xae STM32_F103C6_Drivers/NVIC.o
                                       0x7db1 (size before relaxing)
 .debug_str     0x000000000000856f       0xad STM32_F103C6_Drivers/RCC.o
                                       0x7ed9 (size before relaxing)
 .debug_str     0x000000000000861c      0x68a STM32_F103C6_Drivers/SPI.o
                                       0x879c (size before relaxing)
 .debug_str     0x0000000000008ca6      0x747 STM32_F103C6_Drivers/USART.o
                                       0x887a (size before relaxing)
 .debug_str     0x00000000000093ed      0x1e7 Src/main.o
                                       0x90db (size before relaxing)
 .debug_str     0x00000000000095d4       0x31 Startup/startup_stm32f103c6tx.o
                                         0x6b (size before relaxing)

.comment        0x0000000000000000       0x7b
 .comment       0x0000000000000000       0x7b HAL/LCD.o
                                         0x7c (size before relaxing)
 .comment       0x000000000000007b       0x7c STM32_F103C6_Drivers/GPIO.o
 .comment       0x000000000000007b       0x7c STM32_F103C6_Drivers/NVIC.o
 .comment       0x000000000000007b       0x7c STM32_F103C6_Drivers/RCC.o
 .comment       0x000000000000007b       0x7c STM32_F103C6_Drivers/SPI.o
 .comment       0x000000000000007b       0x7c STM32_F103C6_Drivers/USART.o
 .comment       0x000000000000007b       0x7c Src/main.o

.debug_frame    0x0000000000000000      0x7c0
 .debug_frame   0x0000000000000000      0x1cc HAL/LCD.o
 .debug_frame   0x00000000000001cc      0x174 STM32_F103C6_Drivers/GPIO.o
 .debug_frame   0x0000000000000340       0x60 STM32_F103C6_Drivers/NVIC.o
 .debug_frame   0x00000000000003a0       0xdc STM32_F103C6_Drivers/RCC.o
 .debug_frame   0x000000000000047c      0x140 STM32_F103C6_Drivers/SPI.o
 .debug_frame   0x00000000000005bc      0x14c STM32_F103C6_Drivers/USART.o
 .debug_frame   0x0000000000000708       0x4c Src/main.o
 .debug_frame   0x0000000000000754       0x2c c:/st/stm32cubeide_1.4.0/stm32cubeide/plugins/com.st.stm32cube.ide.mcu.externaltools.gnu-tools-for-stm32.7-2018-q2-update.win32_1.4.0.202007081208/tools/bin/../lib/gcc/arm-none-eabi/7.3.1/../../../../arm-none-eabi/lib/thumb/v7-m\libc_nano.a(lib_a-init.o)
 .debug_frame   0x0000000000000780       0x20 c:/st/stm32cubeide_1.4.0/stm32cubeide/plugins/com.st.stm32cube.ide.mcu.externaltools.gnu-tools-for-stm32.7-2018-q2-update.win32_1.4.0.202007081208/tools/bin/../lib/gcc/arm-none-eabi/7.3.1/../../../../arm-none-eabi/lib/thumb/v7-m\libc_nano.a(lib_a-memset.o)
 .debug_frame   0x00000000000007a0       0x20 c:/st/stm32cubeide_1.4.0/stm32cubeide/plugins/com.st.stm32cube.ide.mcu.externaltools.gnu-tools-for-stm32.7-2018-q2-update.win32_1.4.0.202007081208/tools/bin/../lib/gcc/arm-none-eabi/7.3.1/../../../../arm-none-eabi/lib/thumb/v7-m\libc_nano.a(lib_a-strcmp.o)
